0:0:0:0:0:0:0:1 - - [10/Dec/2015:15:06:01 -0500] "POST /StrutsAjax/raise.html?betAmount=1&actionType=raise HTTP/1.1" 200 334
127.0.0.1 - - [10/Dec/2015:15:06:02 -0500] "POST /StrutsAjax/waitForTurnOrGameToStart.html HTTP/1.1" 200 338
127.0.0.1 - - [10/Dec/2015:15:06:02 -0500] "POST /StrutsAjax/waitForTurnOrGameToStart.html HTTP/1.1" 200 338
0:0:0:0:0:0:0:1 - - [10/Dec/2015:15:06:04 -0500] "POST /StrutsAjax/waitForTurnOrGameToStart.html HTTP/1.1" 200 334
127.0.0.1 - - [10/Dec/2015:15:06:06 -0500] "POST /StrutsAjax/waitForTurnOrGameToStart.html HTTP/1.1" 200 338
0:0:0:0:0:0:0:1 - - [10/Dec/2015:15:06:06 -0500] "POST /StrutsAjax/waitForTurnOrGameToStart.html HTTP/1.1" 200 334
127.0.0.1 - - [10/Dec/2015:15:06:07 -0500] "POST /StrutsAjax/waitForTurnOrGameToStart.html HTTP/1.1" 200 338
127.0.0.1 - - [10/Dec/2015:15:06:07 -0500] "POST /StrutsAjax/waitForTurnOrGameToStart.html HTTP/1.1" 200 338
127.0.0.1 - - [10/Dec/2015:15:06:07 -0500] "POST /StrutsAjax/raise.html?betAmount=0&actionType=fold HTTP/1.1" 302 -
127.0.0.1 - - [10/Dec/2015:15:06:07 -0500] "GET /StrutsAjax/showLogin.html HTTP/1.1" 200 1524
0:0:0:0:0:0:0:1 - - [10/Dec/2015:15:06:09 -0500] "POST /StrutsAjax/waitForTurnOrGameToStart.html HTTP/1.1" 200 334
127.0.0.1 - - [10/Dec/2015:15:06:10 -0500] "POST /StrutsAjax/waitForTurnOrGameToStart.html HTTP/1.1" 302 -
0:0:0:0:0:0:0:1 - - [10/Dec/2015:15:06:11 -0500] "POST /StrutsAjax/waitForTurnOrGameToStart.html HTTP/1.1" 200 334
127.0.0.1 - - [10/Dec/2015:15:06:11 -0500] "GET /StrutsAjax/showLogin.html HTTP/1.1" 200 1524
127.0.0.1 - - [10/Dec/2015:15:06:12 -0500] "POST /StrutsAjax/waitForTurnOrGameToStart.html HTTP/1.1" 302 -
127.0.0.1 - - [10/Dec/2015:15:06:12 -0500] "POST /StrutsAjax/waitForTurnOrGameToStart.html HTTP/1.1" 302 -
127.0.0.1 - - [10/Dec/2015:15:06:12 -0500] "POST /StrutsAjax/waitForTurnOrGameToStart.html HTTP/1.1" 302 -
127.0.0.1 - - [10/Dec/2015:15:06:13 -0500] "GET /StrutsAjax/showLogin.html HTTP/1.1" 200 1524
127.0.0.1 - - [10/Dec/2015:15:06:13 -0500] "GET /StrutsAjax/showLogin.html HTTP/1.1" 200 1524
127.0.0.1 - - [10/Dec/2015:15:06:13 -0500] "GET /StrutsAjax/showLogin.html HTTP/1.1" 200 1524
0:0:0:0:0:0:0:1 - - [10/Dec/2015:15:06:14 -0500] "POST /StrutsAjax/waitForTurnOrGameToStart.html HTTP/1.1" 200 334
0:0:0:0:0:0:0:1 - - [10/Dec/2015:15:06:16 -0500] "POST /StrutsAjax/waitForTurnOrGameToStart.html HTTP/1.1" 200 334
0:0:0:0:0:0:0:1 - - [10/Dec/2015:15:06:19 -0500] "POST /StrutsAjax/waitForTurnOrGameToStart.html HTTP/1.1" 200 334
0:0:0:0:0:0:0:1 - - [10/Dec/2015:15:06:21 -0500] "POST /StrutsAjax/waitForTurnOrGameToStart.html HTTP/1.1" 200 334
127.0.0.1 - - [10/Dec/2015:15:06:23 -0500] "POST /StrutsAjax/joinGame2.html HTTP/1.1" 302 -
127.0.0.1 - - [10/Dec/2015:15:06:24 -0500] "GET /StrutsAjax/showLogin.html HTTP/1.1" 200 1524
0:0:0:0:0:0:0:1 - - [10/Dec/2015:15:06:24 -0500] "POST /StrutsAjax/waitForTurnOrGameToStart.html HTTP/1.1" 200 334
0:0:0:0:0:0:0:1 - - [10/Dec/2015:15:06:26 -0500] "POST /StrutsAjax/waitForTurnOrGameToStart.html HTTP/1.1" 200 334
0:0:0:0:0:0:0:1 - - [10/Dec/2015:15:06:29 -0500] "POST /StrutsAjax/waitForTurnOrGameToStart.html HTTP/1.1" 200 334
0:0:0:0:0:0:0:1 - - [10/Dec/2015:15:06:31 -0500] "POST /StrutsAjax/waitForTurnOrGameToStart.html HTTP/1.1" 200 334
0:0:0:0:0:0:0:1 - - [10/Dec/2015:15:06:34 -0500] "POST /StrutsAjax/waitForTurnOrGameToStart.html HTTP/1.1" 200 334
127.0.0.1 - - [10/Dec/2015:15:06:35 -0500] "POST /StrutsAjax/doLogin.html HTTP/1.1" 200 1654
0:0:0:0:0:0:0:1 - - [10/Dec/2015:15:06:36 -0500] "POST /StrutsAjax/waitForTurnOrGameToStart.html HTTP/1.1" 200 334
0:0:0:0:0:0:0:1 - - [10/Dec/2015:15:06:39 -0500] "POST /StrutsAjax/waitForTurnOrGameToStart.html HTTP/1.1" 200 334
0:0:0:0:0:0:0:1 - - [10/Dec/2015:15:06:41 -0500] "POST /StrutsAjax/waitForTurnOrGameToStart.html HTTP/1.1" 200 334
127.0.0.1 - - [10/Dec/2015:15:06:42 -0500] "POST /StrutsAjax/doLogin.html HTTP/1.1" 302 -
127.0.0.1 - - [10/Dec/2015:15:06:42 -0500] "GET /StrutsAjax/showGames.html HTTP/1.1" 200 8657
127.0.0.1 - - [10/Dec/2015:15:06:44 -0500] "POST /StrutsAjax/joinGame2.html HTTP/1.1" 200 222
0:0:0:0:0:0:0:1 - - [10/Dec/2015:15:06:44 -0500] "POST /StrutsAjax/waitForTurnOrGameToStart.html HTTP/1.1" 200 334
127.0.0.1 - - [10/Dec/2015:15:06:45 -0500] "POST /StrutsAjax/joinGameNow.html?gameNumber=1 HTTP/1.1" 200 338
0:0:0:0:0:0:0:1 - - [10/Dec/2015:15:06:46 -0500] "POST /StrutsAjax/waitForTurnOrGameToStart.html HTTP/1.1" 200 334
0:0:0:0:0:0:0:1 - - [10/Dec/2015:15:06:49 -0500] "POST /StrutsAjax/waitForTurnOrGameToStart.html HTTP/1.1" 200 334
127.0.0.1 - - [10/Dec/2015:15:06:50 -0500] "POST /StrutsAjax/waitForTurnOrGameToStart.html HTTP/1.1" 200 338
0:0:0:0:0:0:0:1 - - [10/Dec/2015:15:06:51 -0500] "POST /StrutsAjax/waitForTurnOrGameToStart.html HTTP/1.1" 200 334
0:0:0:0:0:0:0:1 - - [10/Dec/2015:15:06:54 -0500] "POST /StrutsAjax/waitForTurnOrGameToStart.html HTTP/1.1" 200 334
127.0.0.1 - - [10/Dec/2015:15:06:55 -0500] "POST /StrutsAjax/waitForTurnOrGameToStart.html HTTP/1.1" 200 338
0:0:0:0:0:0:0:1 - - [10/Dec/2015:15:06:56 -0500] "POST /StrutsAjax/waitForTurnOrGameToStart.html HTTP/1.1" 200 334
0:0:0:0:0:0:0:1 - - [10/Dec/2015:15:06:59 -0500] "POST /StrutsAjax/waitForTurnOrGameToStart.html HTTP/1.1" 200 334
127.0.0.1 - - [10/Dec/2015:15:07:00 -0500] "POST /StrutsAjax/waitForTurnOrGameToStart.html HTTP/1.1" 200 338
0:0:0:0:0:0:0:1 - - [10/Dec/2015:15:07:01 -0500] "POST /StrutsAjax/waitForTurnOrGameToStart.html HTTP/1.1" 200 334
0:0:0:0:0:0:0:1 - - [10/Dec/2015:15:07:04 -0500] "POST /StrutsAjax/waitForTurnOrGameToStart.html HTTP/1.1" 200 334
127.0.0.1 - - [10/Dec/2015:15:07:05 -0500] "POST /StrutsAjax/waitForTurnOrGameToStart.html HTTP/1.1" 200 338
0:0:0:0:0:0:0:1 - - [10/Dec/2015:15:07:06 -0500] "POST /StrutsAjax/waitForTurnOrGameToStart.html HTTP/1.1" 200 334
0:0:0:0:0:0:0:1 - - [10/Dec/2015:15:07:09 -0500] "POST /StrutsAjax/waitForTurnOrGameToStart.html HTTP/1.1" 200 334
127.0.0.1 - - [10/Dec/2015:15:07:10 -0500] "POST /StrutsAjax/waitForTurnOrGameToStart.html HTTP/1.1" 200 338
0:0:0:0:0:0:0:1 - - [10/Dec/2015:15:07:11 -0500] "POST /StrutsAjax/waitForTurnOrGameToStart.html HTTP/1.1" 200 334
0:0:0:0:0:0:0:1 - - [10/Dec/2015:15:07:14 -0500] "POST /StrutsAjax/waitForTurnOrGameToStart.html HTTP/1.1" 200 334
127.0.0.1 - - [10/Dec/2015:15:07:15 -0500] "POST /StrutsAjax/waitForTurnOrGameToStart.html HTTP/1.1" 200 338
0:0:0:0:0:0:0:1 - - [10/Dec/2015:15:07:16 -0500] "POST /StrutsAjax/waitForTurnOrGameToStart.html HTTP/1.1" 200 334
0:0:0:0:0:0:0:1 - - [10/Dec/2015:15:07:17 -0500] "POST /StrutsAjax/raise.html?betAmount=1&actionType=fold HTTP/1.1" 200 408
0:0:0:0:0:0:0:1 - - [10/Dec/2015:15:07:19 -0500] "POST /StrutsAjax/waitForTurnOrGameToStart.html HTTP/1.1" 200 466
127.0.0.1 - - [10/Dec/2015:15:07:20 -0500] "POST /StrutsAjax/waitForTurnOrGameToStart.html HTTP/1.1" 200 470
0:0:0:0:0:0:0:1 - - [10/Dec/2015:15:07:21 -0500] "POST /StrutsAjax/waitForTurnOrGameToStart.html HTTP/1.1" 200 466
0:0:0:0:0:0:0:1 - - [10/Dec/2015:15:07:22 -0500] "POST /StrutsAjax/waitForTurnOrGameToStart.html HTTP/1.1" 200 466
127.0.0.1 - - [10/Dec/2015:15:07:25 -0500] "POST /StrutsAjax/waitForTurnOrGameToStart.html HTTP/1.1" 200 470
127.0.0.1 - - [10/Dec/2015:15:42:15 -0500] "GET / HTTP/1.1" 404 994
0:0:0:0:0:0:0:1 - - [10/Dec/2015:15:42:35 -0500] "GET /StrutsAjax/index.jsp HTTP/1.1" 200 1568
0:0:0:0:0:0:0:1 - - [10/Dec/2015:15:42:35 -0500] "GET /StrutsAjax/CSS/oneColFixCtrHdr.css HTTP/1.1" 200 3399
0:0:0:0:0:0:0:1 - - [10/Dec/2015:15:42:35 -0500] "GET /favicon.ico HTTP/1.1" 404 1016
0:0:0:0:0:0:0:1 - - [10/Dec/2015:15:42:42 -0500] "POST /StrutsAjax/doLogin.html;jsessionid=73AFA370B3C9FAE4D0C79675DE92514B HTTP/1.1" 302 -
0:0:0:0:0:0:0:1 - - [10/Dec/2015:15:42:42 -0500] "GET /StrutsAjax/showGames.html HTTP/1.1" 200 8657
0:0:0:0:0:0:0:1 - - [10/Dec/2015:15:42:43 -0500] "GET /StrutsAjax/js/jquery-1.6.2.js HTTP/1.1" 200 245191
127.0.0.1 - - [10/Dec/2015:15:42:54 -0500] "GET /StrutsAjax/index.jsp HTTP/1.1" 200 1568
127.0.0.1 - - [10/Dec/2015:15:43:03 -0500] "POST /StrutsAjax/doLogin.html;jsessionid=C799AB901A5B6FCAFC29AF9B45D00CD1 HTTP/1.1" 302 -
127.0.0.1 - - [10/Dec/2015:15:43:03 -0500] "GET /StrutsAjax/showGames.html HTTP/1.1" 200 8657
127.0.0.1 - - [10/Dec/2015:15:43:08 -0500] "POST /StrutsAjax/joinGame2.html HTTP/1.1" 200 12
0:0:0:0:0:0:0:1 - - [10/Dec/2015:15:43:16 -0500] "POST /StrutsAjax/newGame.html HTTP/1.1" 200 86
0:0:0:0:0:0:0:1 - - [10/Dec/2015:15:43:21 -0500] "POST /StrutsAjax/waitForTurnOrGameToStart.html HTTP/1.1" 200 230
127.0.0.1 - - [10/Dec/2015:15:43:26 -0500] "POST /StrutsAjax/joinGame2.html HTTP/1.1" 200 201
0:0:0:0:0:0:0:1 - - [10/Dec/2015:15:43:26 -0500] "POST /StrutsAjax/waitForTurnOrGameToStart.html HTTP/1.1" 200 230
127.0.0.1 - - [10/Dec/2015:15:43:27 -0500] "POST /StrutsAjax/joinGameNow.html?gameNumber=1 HTTP/1.1" 200 265
0:0:0:0:0:0:0:1 - - [10/Dec/2015:15:43:31 -0500] "POST /StrutsAjax/waitForTurnOrGameToStart.html HTTP/1.1" 200 266
127.0.0.1 - - [10/Dec/2015:15:43:32 -0500] "POST /StrutsAjax/waitForTurnOrGameToStart.html HTTP/1.1" 200 265
0:0:0:0:0:0:0:1 - - [10/Dec/2015:15:43:36 -0500] "POST /StrutsAjax/waitForTurnOrGameToStart.html HTTP/1.1" 200 266
127.0.0.1 - - [10/Dec/2015:15:43:37 -0500] "POST /StrutsAjax/waitForTurnOrGameToStart.html HTTP/1.1" 200 265
0:0:0:0:0:0:0:1 - - [10/Dec/2015:15:43:38 -0500] "POST /StrutsAjax/raise.html?betAmount=1&actionType=raise HTTP/1.1" 200 264
0:0:0:0:0:0:0:1 - - [10/Dec/2015:15:43:41 -0500] "POST /StrutsAjax/waitForTurnOrGameToStart.html HTTP/1.1" 200 264
127.0.0.1 - - [10/Dec/2015:15:43:42 -0500] "POST /StrutsAjax/waitForTurnOrGameToStart.html HTTP/1.1" 200 263
0:0:0:0:0:0:0:1 - - [10/Dec/2015:15:43:43 -0500] "POST /StrutsAjax/waitForTurnOrGameToStart.html HTTP/1.1" 200 264
127.0.0.1 - - [10/Dec/2015:15:43:45 -0500] "POST /StrutsAjax/raise.html?betAmount=0&actionType=call HTTP/1.1" 200 302
0:0:0:0:0:0:0:1 - - [10/Dec/2015:15:43:46 -0500] "POST /StrutsAjax/waitForTurnOrGameToStart.html HTTP/1.1" 200 303
127.0.0.1 - - [10/Dec/2015:15:43:47 -0500] "POST /StrutsAjax/waitForTurnOrGameToStart.html HTTP/1.1" 200 302
0:0:0:0:0:0:0:1 - - [10/Dec/2015:15:43:48 -0500] "POST /StrutsAjax/waitForTurnOrGameToStart.html HTTP/1.1" 200 303
127.0.0.1 - - [10/Dec/2015:15:43:50 -0500] "POST /StrutsAjax/waitForTurnOrGameToStart.html HTTP/1.1" 200 302
0:0:0:0:0:0:0:1 - - [10/Dec/2015:15:43:51 -0500] "POST /StrutsAjax/waitForTurnOrGameToStart.html HTTP/1.1" 200 303
127.0.0.1 - - [10/Dec/2015:15:43:52 -0500] "POST /StrutsAjax/waitForTurnOrGameToStart.html HTTP/1.1" 200 302
0:0:0:0:0:0:0:1 - - [10/Dec/2015:15:43:53 -0500] "POST /StrutsAjax/waitForTurnOrGameToStart.html HTTP/1.1" 200 303
0:0:0:0:0:0:0:1 - - [10/Dec/2015:15:43:55 -0500] "POST /StrutsAjax/raise.html?betAmount=0.75&actionType=raise HTTP/1.1" 200 302
127.0.0.1 - - [10/Dec/2015:15:43:55 -0500] "POST /StrutsAjax/waitForTurnOrGameToStart.html HTTP/1.1" 200 301
0:0:0:0:0:0:0:1 - - [10/Dec/2015:15:43:56 -0500] "POST /StrutsAjax/waitForTurnOrGameToStart.html HTTP/1.1" 200 302
127.0.0.1 - - [10/Dec/2015:15:43:57 -0500] "POST /StrutsAjax/waitForTurnOrGameToStart.html HTTP/1.1" 200 301
0:0:0:0:0:0:0:1 - - [10/Dec/2015:15:43:58 -0500] "POST /StrutsAjax/waitForTurnOrGameToStart.html HTTP/1.1" 200 302
0:0:0:0:0:0:0:1 - - [10/Dec/2015:15:44:00 -0500] "POST /StrutsAjax/waitForTurnOrGameToStart.html HTTP/1.1" 200 302
127.0.0.1 - - [10/Dec/2015:15:44:00 -0500] "POST /StrutsAjax/raise.html?betAmount=0&actionType=call HTTP/1.1" 200 347
127.0.0.1 - - [10/Dec/2015:15:44:00 -0500] "POST /StrutsAjax/waitForTurnOrGameToStart.html HTTP/1.1" 200 347
0:0:0:0:0:0:0:1 - - [10/Dec/2015:15:44:01 -0500] "POST /StrutsAjax/waitForTurnOrGameToStart.html HTTP/1.1" 200 348
127.0.0.1 - - [10/Dec/2015:15:44:02 -0500] "POST /StrutsAjax/waitForTurnOrGameToStart.html HTTP/1.1" 200 347
0:0:0:0:0:0:0:1 - - [10/Dec/2015:15:44:03 -0500] "POST /StrutsAjax/waitForTurnOrGameToStart.html HTTP/1.1" 200 348
0:0:0:0:0:0:0:1 - - [10/Dec/2015:15:44:05 -0500] "POST /StrutsAjax/waitForTurnOrGameToStart.html HTTP/1.1" 200 348
127.0.0.1 - - [10/Dec/2015:15:44:05 -0500] "POST /StrutsAjax/waitForTurnOrGameToStart.html HTTP/1.1" 200 347
127.0.0.1 - - [10/Dec/2015:15:44:05 -0500] "POST /StrutsAjax/waitForTurnOrGameToStart.html HTTP/1.1" 200 347
0:0:0:0:0:0:0:1 - - [10/Dec/2015:15:44:06 -0500] "POST /StrutsAjax/waitForTurnOrGameToStart.html HTTP/1.1" 200 348
127.0.0.1 - - [10/Dec/2015:15:44:07 -0500] "POST /StrutsAjax/waitForTurnOrGameToStart.html HTTP/1.1" 200 347
0:0:0:0:0:0:0:1 - - [10/Dec/2015:15:44:08 -0500] "POST /StrutsAjax/waitForTurnOrGameToStart.html HTTP/1.1" 200 348
0:0:0:0:0:0:0:1 - - [10/Dec/2015:15:44:10 -0500] "POST /StrutsAjax/waitForTurnOrGameToStart.html HTTP/1.1" 200 348
127.0.0.1 - - [10/Dec/2015:15:44:10 -0500] "POST /StrutsAjax/waitForTurnOrGameToStart.html HTTP/1.1" 200 347
127.0.0.1 - - [10/Dec/2015:15:44:10 -0500] "POST /StrutsAjax/waitForTurnOrGameToStart.html HTTP/1.1" 200 347
0:0:0:0:0:0:0:1 - - [10/Dec/2015:15:44:11 -0500] "POST /StrutsAjax/waitForTurnOrGameToStart.html HTTP/1.1" 200 348
127.0.0.1 - - [10/Dec/2015:15:44:12 -0500] "POST /StrutsAjax/waitForTurnOrGameToStart.html HTTP/1.1" 200 347
0:0:0:0:0:0:0:1 - - [10/Dec/2015:15:44:13 -0500] "POST /StrutsAjax/waitForTurnOrGameToStart.html HTTP/1.1" 200 348
0:0:0:0:0:0:0:1 - - [10/Dec/2015:15:44:13 -0500] "POST /StrutsAjax/raise.html?betAmount=1&actionType=raise HTTP/1.1" 200 346
0:0:0:0:0:0:0:1 - - [10/Dec/2015:15:44:15 -0500] "POST /StrutsAjax/waitForTurnOrGameToStart.html HTTP/1.1" 200 346
127.0.0.1 - - [10/Dec/2015:15:44:15 -0500] "POST /StrutsAjax/waitForTurnOrGameToStart.html HTTP/1.1" 200 345
127.0.0.1 - - [10/Dec/2015:15:44:15 -0500] "POST /StrutsAjax/waitForTurnOrGameToStart.html HTTP/1.1" 200 345
0:0:0:0:0:0:0:1 - - [10/Dec/2015:15:44:16 -0500] "POST /StrutsAjax/waitForTurnOrGameToStart.html HTTP/1.1" 200 346
127.0.0.1 - - [10/Dec/2015:15:44:17 -0500] "POST /StrutsAjax/waitForTurnOrGameToStart.html HTTP/1.1" 200 345
0:0:0:0:0:0:0:1 - - [10/Dec/2015:15:44:18 -0500] "POST /StrutsAjax/waitForTurnOrGameToStart.html HTTP/1.1" 200 346
0:0:0:0:0:0:0:1 - - [10/Dec/2015:15:44:18 -0500] "POST /StrutsAjax/waitForTurnOrGameToStart.html HTTP/1.1" 200 346
127.0.0.1 - - [10/Dec/2015:15:44:19 -0500] "POST /StrutsAjax/raise.html?betAmount=0&actionType=fold HTTP/1.1" 200 443
0:0:0:0:0:0:0:1 - - [10/Dec/2015:15:44:20 -0500] "POST /StrutsAjax/waitForTurnOrGameToStart.html HTTP/1.1" 200 512
127.0.0.1 - - [10/Dec/2015:15:44:20 -0500] "POST /StrutsAjax/waitForTurnOrGameToStart.html HTTP/1.1" 200 511
127.0.0.1 - - [10/Dec/2015:15:44:20 -0500] "POST /StrutsAjax/waitForTurnOrGameToStart.html HTTP/1.1" 200 511
0:0:0:0:0:0:0:1 - - [10/Dec/2015:15:44:21 -0500] "POST /StrutsAjax/waitForTurnOrGameToStart.html HTTP/1.1" 200 512
127.0.0.1 - - [10/Dec/2015:15:44:22 -0500] "POST /StrutsAjax/waitForTurnOrGameToStart.html HTTP/1.1" 200 511
0:0:0:0:0:0:0:1 - - [10/Dec/2015:15:44:23 -0500] "POST /StrutsAjax/waitForTurnOrGameToStart.html HTTP/1.1" 200 512
0:0:0:0:0:0:0:1 - - [10/Dec/2015:15:44:23 -0500] "POST /StrutsAjax/waitForTurnOrGameToStart.html HTTP/1.1" 200 512
127.0.0.1 - - [10/Dec/2015:15:44:24 -0500] "POST /StrutsAjax/waitForTurnOrGameToStart.html HTTP/1.1" 200 511
0:0:0:0:0:0:0:1 - - [10/Dec/2015:15:44:25 -0500] "POST /StrutsAjax/waitForTurnOrGameToStart.html HTTP/1.1" 200 512
127.0.0.1 - - [10/Dec/2015:15:55:26 -0500] "GET / HTTP/1.1" 404 994
0:0:0:0:0:0:0:1 - - [10/Dec/2015:15:55:55 -0500] "GET /StrutsAjax/index.jsp HTTP/1.1" 200 1568
0:0:0:0:0:0:0:1 - - [10/Dec/2015:15:55:55 -0500] "GET /StrutsAjax/CSS/oneColFixCtrHdr.css HTTP/1.1" 200 3399
0:0:0:0:0:0:0:1 - - [10/Dec/2015:15:55:55 -0500] "GET /favicon.ico HTTP/1.1" 404 1016
0:0:0:0:0:0:0:1 - - [10/Dec/2015:15:56:04 -0500] "POST /StrutsAjax/doLogin.html;jsessionid=5263FB85CA8131858091293480F78D56 HTTP/1.1" 302 -
0:0:0:0:0:0:0:1 - - [10/Dec/2015:15:56:04 -0500] "GET /StrutsAjax/showGames.html HTTP/1.1" 200 8657
0:0:0:0:0:0:0:1 - - [10/Dec/2015:15:56:04 -0500] "GET /StrutsAjax/js/jquery-1.6.2.js HTTP/1.1" 200 245191
0:0:0:0:0:0:0:1 - - [10/Dec/2015:15:56:06 -0500] "POST /StrutsAjax/newGame.html HTTP/1.1" 200 86
0:0:0:0:0:0:0:1 - - [10/Dec/2015:15:56:11 -0500] "POST /StrutsAjax/waitForTurnOrGameToStart.html HTTP/1.1" 200 230
127.0.0.1 - - [10/Dec/2015:15:56:16 -0500] "GET /StrutsAjax/index.jsp HTTP/1.1" 200 1568
0:0:0:0:0:0:0:1 - - [10/Dec/2015:15:56:16 -0500] "POST /StrutsAjax/waitForTurnOrGameToStart.html HTTP/1.1" 200 230
0:0:0:0:0:0:0:1 - - [10/Dec/2015:15:56:21 -0500] "POST /StrutsAjax/waitForTurnOrGameToStart.html HTTP/1.1" 200 230
127.0.0.1 - - [10/Dec/2015:15:56:26 -0500] "POST /StrutsAjax/doLogin.html;jsessionid=B67D87E819DA311533327AE70E5801F7 HTTP/1.1" 302 -
127.0.0.1 - - [10/Dec/2015:15:56:26 -0500] "GET /StrutsAjax/showGames.html HTTP/1.1" 200 8657
0:0:0:0:0:0:0:1 - - [10/Dec/2015:15:56:26 -0500] "POST /StrutsAjax/waitForTurnOrGameToStart.html HTTP/1.1" 200 230
127.0.0.1 - - [10/Dec/2015:15:56:28 -0500] "POST /StrutsAjax/joinGame2.html HTTP/1.1" 200 201
127.0.0.1 - - [10/Dec/2015:15:56:29 -0500] "POST /StrutsAjax/joinGameNow.html?gameNumber=1 HTTP/1.1" 200 264
0:0:0:0:0:0:0:1 - - [10/Dec/2015:15:56:31 -0500] "POST /StrutsAjax/waitForTurnOrGameToStart.html HTTP/1.1" 200 266
127.0.0.1 - - [10/Dec/2015:15:56:34 -0500] "POST /StrutsAjax/waitForTurnOrGameToStart.html HTTP/1.1" 200 264
0:0:0:0:0:0:0:1 - - [10/Dec/2015:15:56:36 -0500] "POST /StrutsAjax/waitForTurnOrGameToStart.html HTTP/1.1" 200 266
127.0.0.1 - - [10/Dec/2015:15:56:39 -0500] "POST /StrutsAjax/waitForTurnOrGameToStart.html HTTP/1.1" 200 264
0:0:0:0:0:0:0:1 - - [10/Dec/2015:15:56:41 -0500] "POST /StrutsAjax/waitForTurnOrGameToStart.html HTTP/1.1" 200 266
0:0:0:0:0:0:0:1 - - [10/Dec/2015:15:56:42 -0500] "POST /StrutsAjax/raise.html?betAmount=0.75&actionType=raise HTTP/1.1" 200 265
127.0.0.1 - - [10/Dec/2015:15:56:44 -0500] "POST /StrutsAjax/waitForTurnOrGameToStart.html HTTP/1.1" 200 263
0:0:0:0:0:0:0:1 - - [10/Dec/2015:15:56:46 -0500] "POST /StrutsAjax/waitForTurnOrGameToStart.html HTTP/1.1" 200 265
0:0:0:0:0:0:0:1 - - [10/Dec/2015:15:56:47 -0500] "POST /StrutsAjax/waitForTurnOrGameToStart.html HTTP/1.1" 200 265
127.0.0.1 - - [10/Dec/2015:15:56:47 -0500] "POST /StrutsAjax/raise.html?betAmount=0&actionType=call HTTP/1.1" 200 303
127.0.0.1 - - [10/Dec/2015:15:56:49 -0500] "POST /StrutsAjax/waitForTurnOrGameToStart.html HTTP/1.1" 200 303
0:0:0:0:0:0:0:1 - - [10/Dec/2015:15:56:51 -0500] "POST /StrutsAjax/waitForTurnOrGameToStart.html HTTP/1.1" 200 305
0:0:0:0:0:0:0:1 - - [10/Dec/2015:15:56:52 -0500] "POST /StrutsAjax/waitForTurnOrGameToStart.html HTTP/1.1" 200 305
127.0.0.1 - - [10/Dec/2015:15:56:52 -0500] "POST /StrutsAjax/waitForTurnOrGameToStart.html HTTP/1.1" 200 303
0:0:0:0:0:0:0:1 - - [10/Dec/2015:15:56:54 -0500] "POST /StrutsAjax/raise.html?betAmount=0.2&actionType=raise HTTP/1.1" 200 303
127.0.0.1 - - [10/Dec/2015:15:56:54 -0500] "POST /StrutsAjax/waitForTurnOrGameToStart.html HTTP/1.1" 200 301
0:0:0:0:0:0:0:1 - - [10/Dec/2015:15:56:56 -0500] "POST /StrutsAjax/waitForTurnOrGameToStart.html HTTP/1.1" 200 303
0:0:0:0:0:0:0:1 - - [10/Dec/2015:15:56:57 -0500] "POST /StrutsAjax/waitForTurnOrGameToStart.html HTTP/1.1" 200 303
127.0.0.1 - - [10/Dec/2015:15:56:57 -0500] "POST /StrutsAjax/waitForTurnOrGameToStart.html HTTP/1.1" 200 301
0:0:0:0:0:0:0:1 - - [10/Dec/2015:15:56:59 -0500] "POST /StrutsAjax/waitForTurnOrGameToStart.html HTTP/1.1" 200 303
127.0.0.1 - - [10/Dec/2015:15:56:59 -0500] "POST /StrutsAjax/waitForTurnOrGameToStart.html HTTP/1.1" 200 301
127.0.0.1 - - [10/Dec/2015:15:57:01 -0500] "POST /StrutsAjax/raise.html?betAmount=0&actionType=call HTTP/1.1" 200 338
0:0:0:0:0:0:0:1 - - [10/Dec/2015:15:57:01 -0500] "POST /StrutsAjax/waitForTurnOrGameToStart.html HTTP/1.1" 200 340
0:0:0:0:0:0:0:1 - - [10/Dec/2015:15:57:02 -0500] "POST /StrutsAjax/waitForTurnOrGameToStart.html HTTP/1.1" 200 340
127.0.0.1 - - [10/Dec/2015:15:57:02 -0500] "POST /StrutsAjax/waitForTurnOrGameToStart.html HTTP/1.1" 200 338
0:0:0:0:0:0:0:1 - - [10/Dec/2015:15:57:04 -0500] "POST /StrutsAjax/waitForTurnOrGameToStart.html HTTP/1.1" 200 340
127.0.0.1 - - [10/Dec/2015:15:57:04 -0500] "POST /StrutsAjax/waitForTurnOrGameToStart.html HTTP/1.1" 200 338
127.0.0.1 - - [10/Dec/2015:15:57:06 -0500] "POST /StrutsAjax/waitForTurnOrGameToStart.html HTTP/1.1" 200 338
0:0:0:0:0:0:0:1 - - [10/Dec/2015:15:57:06 -0500] "POST /StrutsAjax/waitForTurnOrGameToStart.html HTTP/1.1" 200 340
0:0:0:0:0:0:0:1 - - [10/Dec/2015:15:57:07 -0500] "POST /StrutsAjax/waitForTurnOrGameToStart.html HTTP/1.1" 200 340
127.0.0.1 - - [10/Dec/2015:15:57:08 -0500] "POST /StrutsAjax/waitForTurnOrGameToStart.html HTTP/1.1" 200 338
0:0:0:0:0:0:0:1 - - [10/Dec/2015:15:57:09 -0500] "POST /StrutsAjax/waitForTurnOrGameToStart.html HTTP/1.1" 200 340
127.0.0.1 - - [10/Dec/2015:15:57:09 -0500] "POST /StrutsAjax/waitForTurnOrGameToStart.html HTTP/1.1" 200 338
127.0.0.1 - - [10/Dec/2015:15:57:11 -0500] "POST /StrutsAjax/waitForTurnOrGameToStart.html HTTP/1.1" 200 338
0:0:0:0:0:0:0:1 - - [10/Dec/2015:15:57:11 -0500] "POST /StrutsAjax/raise.html?betAmount=1&actionType=raise HTTP/1.1" 200 338
0:0:0:0:0:0:0:1 - - [10/Dec/2015:15:57:11 -0500] "POST /StrutsAjax/waitForTurnOrGameToStart.html HTTP/1.1" 200 338
0:0:0:0:0:0:0:1 - - [10/Dec/2015:15:57:12 -0500] "POST /StrutsAjax/waitForTurnOrGameToStart.html HTTP/1.1" 200 338
127.0.0.1 - - [10/Dec/2015:15:57:12 -0500] "POST /StrutsAjax/waitForTurnOrGameToStart.html HTTP/1.1" 200 336
0:0:0:0:0:0:0:1 - - [10/Dec/2015:15:57:14 -0500] "POST /StrutsAjax/waitForTurnOrGameToStart.html HTTP/1.1" 200 338
127.0.0.1 - - [10/Dec/2015:15:57:14 -0500] "POST /StrutsAjax/waitForTurnOrGameToStart.html HTTP/1.1" 200 336
127.0.0.1 - - [10/Dec/2015:15:57:16 -0500] "POST /StrutsAjax/waitForTurnOrGameToStart.html HTTP/1.1" 200 336
0:0:0:0:0:0:0:1 - - [10/Dec/2015:15:57:16 -0500] "POST /StrutsAjax/waitForTurnOrGameToStart.html HTTP/1.1" 200 338
0:0:0:0:0:0:0:1 - - [10/Dec/2015:15:57:16 -0500] "POST /StrutsAjax/waitForTurnOrGameToStart.html HTTP/1.1" 200 338
0:0:0:0:0:0:0:1 - - [10/Dec/2015:15:57:17 -0500] "POST /StrutsAjax/waitForTurnOrGameToStart.html HTTP/1.1" 200 338
127.0.0.1 - - [10/Dec/2015:15:57:17 -0500] "POST /StrutsAjax/waitForTurnOrGameToStart.html HTTP/1.1" 200 336
127.0.0.1 - - [10/Dec/2015:15:57:18 -0500] "POST /StrutsAjax/raise.html?betAmount=0&actionType=fold HTTP/1.1" 200 434
0:0:0:0:0:0:0:1 - - [10/Dec/2015:15:57:19 -0500] "POST /StrutsAjax/waitForTurnOrGameToStart.html HTTP/1.1" 200 504
127.0.0.1 - - [10/Dec/2015:15:57:19 -0500] "POST /StrutsAjax/waitForTurnOrGameToStart.html HTTP/1.1" 200 502
127.0.0.1 - - [10/Dec/2015:15:57:21 -0500] "POST /StrutsAjax/waitForTurnOrGameToStart.html HTTP/1.1" 200 502
0:0:0:0:0:0:0:1 - - [10/Dec/2015:15:57:21 -0500] "POST /StrutsAjax/waitForTurnOrGameToStart.html HTTP/1.1" 200 504
0:0:0:0:0:0:0:1 - - [10/Dec/2015:15:57:21 -0500] "POST /StrutsAjax/waitForTurnOrGameToStart.html HTTP/1.1" 200 504
0:0:0:0:0:0:0:1 - - [10/Dec/2015:15:57:22 -0500] "POST /StrutsAjax/waitForTurnOrGameToStart.html HTTP/1.1" 200 504
127.0.0.1 - - [10/Dec/2015:15:57:22 -0500] "POST /StrutsAjax/waitForTurnOrGameToStart.html HTTP/1.1" 200 502
127.0.0.1 - - [10/Dec/2015:15:57:23 -0500] "POST /StrutsAjax/waitForTurnOrGameToStart.html HTTP/1.1" 200 502
0:0:0:0:0:0:0:1 - - [10/Dec/2015:15:57:24 -0500] "POST /StrutsAjax/waitForTurnOrGameToStart.html HTTP/1.1" 200 504
127.0.0.1 - - [10/Dec/2015:16:20:42 -0500] "GET / HTTP/1.1" 404 994
0:0:0:0:0:0:0:1 - - [10/Dec/2015:16:21:32 -0500] "GET /StrutsAjax/index.jsp HTTP/1.1" 200 1568
0:0:0:0:0:0:0:1 - - [10/Dec/2015:16:21:32 -0500] "GET /StrutsAjax/CSS/oneColFixCtrHdr.css HTTP/1.1" 200 3399
0:0:0:0:0:0:0:1 - - [10/Dec/2015:16:21:32 -0500] "GET /favicon.ico HTTP/1.1" 404 1016
0:0:0:0:0:0:0:1 - - [10/Dec/2015:16:21:41 -0500] "POST /StrutsAjax/doLogin.html;jsessionid=B7C96D6FE258F98634E498173D8DA815 HTTP/1.1" 302 -
0:0:0:0:0:0:0:1 - - [10/Dec/2015:16:21:42 -0500] "GET /StrutsAjax/showGames.html HTTP/1.1" 200 8657
0:0:0:0:0:0:0:1 - - [10/Dec/2015:16:21:42 -0500] "GET /StrutsAjax/js/jquery-1.6.2.js HTTP/1.1" 200 245191
0:0:0:0:0:0:0:1 - - [10/Dec/2015:16:21:47 -0500] "POST /StrutsAjax/newGame.html HTTP/1.1" 200 86
0:0:0:0:0:0:0:1 - - [10/Dec/2015:16:21:52 -0500] "POST /StrutsAjax/waitForTurnOrGameToStart.html HTTP/1.1" 200 230
0:0:0:0:0:0:0:1 - - [10/Dec/2015:16:21:57 -0500] "POST /StrutsAjax/waitForTurnOrGameToStart.html HTTP/1.1" 200 230
127.0.0.1 - - [10/Dec/2015:16:22:01 -0500] "GET /StrutsAjax/index.jsp HTTP/1.1" 200 1568
0:0:0:0:0:0:0:1 - - [10/Dec/2015:16:22:02 -0500] "POST /StrutsAjax/waitForTurnOrGameToStart.html HTTP/1.1" 200 230
0:0:0:0:0:0:0:1 - - [10/Dec/2015:16:22:07 -0500] "POST /StrutsAjax/waitForTurnOrGameToStart.html HTTP/1.1" 200 230
127.0.0.1 - - [10/Dec/2015:16:22:08 -0500] "POST /StrutsAjax/doLogin.html;jsessionid=1A833CBEA99D72AEB151FAA089415858 HTTP/1.1" 302 -
127.0.0.1 - - [10/Dec/2015:16:22:08 -0500] "GET /StrutsAjax/showGames.html HTTP/1.1" 200 8657
127.0.0.1 - - [10/Dec/2015:16:22:10 -0500] "POST /StrutsAjax/joinGame2.html HTTP/1.1" 200 201
127.0.0.1 - - [10/Dec/2015:16:22:12 -0500] "POST /StrutsAjax/joinGameNow.html?gameNumber=1 HTTP/1.1" 200 262
0:0:0:0:0:0:0:1 - - [10/Dec/2015:16:22:12 -0500] "POST /StrutsAjax/waitForTurnOrGameToStart.html HTTP/1.1" 200 262
127.0.0.1 - - [10/Dec/2015:16:22:17 -0500] "POST /StrutsAjax/waitForTurnOrGameToStart.html HTTP/1.1" 200 262
0:0:0:0:0:0:0:1 - - [10/Dec/2015:16:22:17 -0500] "POST /StrutsAjax/waitForTurnOrGameToStart.html HTTP/1.1" 200 262
127.0.0.1 - - [10/Dec/2015:16:22:22 -0500] "POST /StrutsAjax/waitForTurnOrGameToStart.html HTTP/1.1" 200 262
0:0:0:0:0:0:0:1 - - [10/Dec/2015:16:22:22 -0500] "POST /StrutsAjax/waitForTurnOrGameToStart.html HTTP/1.1" 200 262
0:0:0:0:0:0:0:1 - - [10/Dec/2015:16:22:23 -0500] "POST /StrutsAjax/raise.html?betAmount=0.75&actionType=raise HTTP/1.1" 200 261
127.0.0.1 - - [10/Dec/2015:16:22:27 -0500] "POST /StrutsAjax/waitForTurnOrGameToStart.html HTTP/1.1" 200 261
0:0:0:0:0:0:0:1 - - [10/Dec/2015:16:22:27 -0500] "POST /StrutsAjax/waitForTurnOrGameToStart.html HTTP/1.1" 200 261
0:0:0:0:0:0:0:1 - - [10/Dec/2015:16:22:28 -0500] "POST /StrutsAjax/waitForTurnOrGameToStart.html HTTP/1.1" 200 261
127.0.0.1 - - [10/Dec/2015:16:22:28 -0500] "POST /StrutsAjax/raise.html?betAmount=0&actionType=call HTTP/1.1" 200 302
127.0.0.1 - - [10/Dec/2015:16:22:32 -0500] "POST /StrutsAjax/waitForTurnOrGameToStart.html HTTP/1.1" 200 302
0:0:0:0:0:0:0:1 - - [10/Dec/2015:16:22:32 -0500] "POST /StrutsAjax/waitForTurnOrGameToStart.html HTTP/1.1" 200 302
0:0:0:0:0:0:0:1 - - [10/Dec/2015:16:22:33 -0500] "POST /StrutsAjax/waitForTurnOrGameToStart.html HTTP/1.1" 200 302
127.0.0.1 - - [10/Dec/2015:16:22:33 -0500] "POST /StrutsAjax/waitForTurnOrGameToStart.html HTTP/1.1" 200 302
0:0:0:0:0:0:0:1 - - [10/Dec/2015:16:22:36 -0500] "POST /StrutsAjax/raise.html?betAmount=0.2&actionType=raise HTTP/1.1" 200 300
127.0.0.1 - - [10/Dec/2015:16:22:37 -0500] "POST /StrutsAjax/waitForTurnOrGameToStart.html HTTP/1.1" 200 300
0:0:0:0:0:0:0:1 - - [10/Dec/2015:16:22:37 -0500] "POST /StrutsAjax/waitForTurnOrGameToStart.html HTTP/1.1" 200 300
0:0:0:0:0:0:0:1 - - [10/Dec/2015:16:22:38 -0500] "POST /StrutsAjax/waitForTurnOrGameToStart.html HTTP/1.1" 200 300
127.0.0.1 - - [10/Dec/2015:16:22:38 -0500] "POST /StrutsAjax/waitForTurnOrGameToStart.html HTTP/1.1" 200 300
127.0.0.1 - - [10/Dec/2015:16:22:40 -0500] "POST /StrutsAjax/raise.html?betAmount=0&actionType=call HTTP/1.1" 200 340
0:0:0:0:0:0:0:1 - - [10/Dec/2015:16:22:41 -0500] "POST /StrutsAjax/waitForTurnOrGameToStart.html HTTP/1.1" 200 340
127.0.0.1 - - [10/Dec/2015:16:22:42 -0500] "POST /StrutsAjax/waitForTurnOrGameToStart.html HTTP/1.1" 200 340
0:0:0:0:0:0:0:1 - - [10/Dec/2015:16:22:42 -0500] "POST /StrutsAjax/waitForTurnOrGameToStart.html HTTP/1.1" 200 340
0:0:0:0:0:0:0:1 - - [10/Dec/2015:16:22:43 -0500] "POST /StrutsAjax/waitForTurnOrGameToStart.html HTTP/1.1" 200 340
127.0.0.1 - - [10/Dec/2015:16:22:43 -0500] "POST /StrutsAjax/waitForTurnOrGameToStart.html HTTP/1.1" 200 340
127.0.0.1 - - [10/Dec/2015:16:22:45 -0500] "POST /StrutsAjax/waitForTurnOrGameToStart.html HTTP/1.1" 200 340
0:0:0:0:0:0:0:1 - - [10/Dec/2015:16:22:46 -0500] "POST /StrutsAjax/waitForTurnOrGameToStart.html HTTP/1.1" 200 340
127.0.0.1 - - [10/Dec/2015:16:22:47 -0500] "POST /StrutsAjax/waitForTurnOrGameToStart.html HTTP/1.1" 200 340
0:0:0:0:0:0:0:1 - - [10/Dec/2015:16:22:47 -0500] "POST /StrutsAjax/waitForTurnOrGameToStart.html HTTP/1.1" 200 340
0:0:0:0:0:0:0:1 - - [10/Dec/2015:16:22:48 -0500] "POST /StrutsAjax/waitForTurnOrGameToStart.html HTTP/1.1" 200 340
127.0.0.1 - - [10/Dec/2015:16:22:48 -0500] "POST /StrutsAjax/waitForTurnOrGameToStart.html HTTP/1.1" 200 340
0:0:0:0:0:0:0:1 - - [10/Dec/2015:16:22:50 -0500] "POST /StrutsAjax/raise.html?betAmount=1&actionType=raise HTTP/1.1" 200 338
127.0.0.1 - - [10/Dec/2015:16:22:50 -0500] "POST /StrutsAjax/waitForTurnOrGameToStart.html HTTP/1.1" 200 338
0:0:0:0:0:0:0:1 - - [10/Dec/2015:16:22:51 -0500] "POST /StrutsAjax/waitForTurnOrGameToStart.html HTTP/1.1" 200 338
127.0.0.1 - - [10/Dec/2015:16:22:52 -0500] "POST /StrutsAjax/waitForTurnOrGameToStart.html HTTP/1.1" 200 338
127.0.0.1 - - [10/Dec/2015:16:22:53 -0500] "POST /StrutsAjax/waitForTurnOrGameToStart.html HTTP/1.1" 200 338
0:0:0:0:0:0:0:1 - - [10/Dec/2015:16:22:53 -0500] "POST /StrutsAjax/waitForTurnOrGameToStart.html HTTP/1.1" 200 338
0:0:0:0:0:0:0:1 - - [10/Dec/2015:16:22:53 -0500] "POST /StrutsAjax/waitForTurnOrGameToStart.html HTTP/1.1" 200 338
127.0.0.1 - - [10/Dec/2015:16:22:55 -0500] "POST /StrutsAjax/waitForTurnOrGameToStart.html HTTP/1.1" 200 338
0:0:0:0:0:0:0:1 - - [10/Dec/2015:16:22:56 -0500] "POST /StrutsAjax/waitForTurnOrGameToStart.html HTTP/1.1" 200 338
0:0:0:0:0:0:0:1 - - [10/Dec/2015:16:22:56 -0500] "POST /StrutsAjax/waitForTurnOrGameToStart.html HTTP/1.1" 200 338
127.0.0.1 - - [10/Dec/2015:16:22:57 -0500] "POST /StrutsAjax/waitForTurnOrGameToStart.html HTTP/1.1" 200 338
127.0.0.1 - - [10/Dec/2015:16:22:58 -0500] "POST /StrutsAjax/waitForTurnOrGameToStart.html HTTP/1.1" 200 338
0:0:0:0:0:0:0:1 - - [10/Dec/2015:16:22:58 -0500] "POST /StrutsAjax/waitForTurnOrGameToStart.html HTTP/1.1" 200 338
0:0:0:0:0:0:0:1 - - [10/Dec/2015:16:22:58 -0500] "POST /StrutsAjax/waitForTurnOrGameToStart.html HTTP/1.1" 200 338
127.0.0.1 - - [10/Dec/2015:16:22:59 -0500] "POST /StrutsAjax/raise.html?betAmount=0&actionType=fold HTTP/1.1" 200 436
127.0.0.1 - - [10/Dec/2015:16:23:00 -0500] "POST /StrutsAjax/waitForTurnOrGameToStart.html HTTP/1.1" 200 504
0:0:0:0:0:0:0:1 - - [10/Dec/2015:16:23:01 -0500] "POST /StrutsAjax/waitForTurnOrGameToStart.html HTTP/1.1" 200 504
0:0:0:0:0:0:0:1 - - [10/Dec/2015:16:23:01 -0500] "POST /StrutsAjax/waitForTurnOrGameToStart.html HTTP/1.1" 200 504
127.0.0.1 - - [10/Dec/2015:16:23:02 -0500] "POST /StrutsAjax/waitForTurnOrGameToStart.html HTTP/1.1" 200 504
127.0.0.1 - - [10/Dec/2015:16:23:03 -0500] "POST /StrutsAjax/waitForTurnOrGameToStart.html HTTP/1.1" 200 504
0:0:0:0:0:0:0:1 - - [10/Dec/2015:16:23:03 -0500] "POST /StrutsAjax/waitForTurnOrGameToStart.html HTTP/1.1" 200 504
0:0:0:0:0:0:0:1 - - [10/Dec/2015:16:23:03 -0500] "POST /StrutsAjax/waitForTurnOrGameToStart.html HTTP/1.1" 200 504
127.0.0.1 - - [10/Dec/2015:16:23:04 -0500] "POST /StrutsAjax/waitForTurnOrGameToStart.html HTTP/1.1" 200 504
0:0:0:0:0:0:0:1 - - [10/Dec/2015:16:23:06 -0500] "POST /StrutsAjax/waitForTurnOrGameToStart.html HTTP/1.1" 200 504
0:0:0:0:0:0:0:1 - - [10/Dec/2015:16:23:06 -0500] "POST /StrutsAjax/waitForTurnOrGameToStart.html HTTP/1.1" 200 504
